// Jest Snapshot v1, https://goo.gl/fbAQLP

exports[`Button should matches snapshot 1`] = `
<View
  accessibilityState={
    {
      "busy": undefined,
      "checked": undefined,
      "disabled": undefined,
      "expanded": undefined,
      "selected": undefined,
    }
  }
  accessibilityValue={
    {
      "max": undefined,
      "min": undefined,
      "now": undefined,
      "text": undefined,
    }
  }
  accessible={true}
  collapsable={false}
  focusable={false}
  onClick={[Function]}
  onResponderGrant={[Function]}
  onResponderMove={[Function]}
  onResponderRelease={[Function]}
  onResponderTerminate={[Function]}
  onResponderTerminationRequest={[Function]}
  onStartShouldSetResponder={[Function]}
  style={
    {
      "alignSelf": "center",
      "backgroundColor": "#2E50D4",
      "borderColor": "#2E50D4",
      "borderRadius": 8,
      "borderStyle": "solid",
      "borderWidth": 0,
      "height": 52,
      "justifyContent": "center",
      "opacity": 1,
      "padding": 8,
      "width": "100%",
    }
  }
>
  <Text
    style={
      [
        {
          "color": "#fff",
          "fontFamily": "Nunito-Bold",
          "fontSize": 14,
          "textAlign": "center",
        },
        undefined,
      ]
    }
    variant="contained"
  >
    title
  </Text>
</View>
`;
