// Jest Snapshot v1, https://goo.gl/fbAQLP

exports[`ScheduleAppointment should matches snapshot 1`] = `
<RCTSafeAreaView
  style={
    [
      {
        "flex": 1,
      },
      undefined,
    ]
  }
>
  <View
    style={
      [
        {
          "flex": 1,
          "paddingHorizontal": 16,
          "paddingVertical": 32,
        },
        undefined,
      ]
    }
  >
    <Text
      style={
        [
          {
            "color": "#7F7F7F",
            "fontFamily": "Nunito-SemiBold",
            "fontSize": 14,
            "marginBottom": 16,
          },
          undefined,
        ]
      }
    >
      Preencha os campos abaixo para agendar uma consulta com o paciente
    </Text>
    <View
      style={
        [
          {
            "width": "100%",
          },
          undefined,
        ]
      }
    >
      <View
        style={
          [
            {},
            {},
          ]
        }
      >
        <View
          style={
            [
              {
                "borderColor": "#2E50D4",
                "borderRadius": 8,
                "borderWidth": 2,
                "height": 52,
                "marginTop": 16,
                "padding": 8,
              },
              undefined,
            ]
          }
          testID="input-container"
          textArea={false}
        >
          <Text
            style={
              [
                {
                  "backgroundColor": "#fff",
                  "color": "#2E50D4",
                  "fontFamily": "Nunito-Bold",
                  "fontSize": 14,
                  "left": 16,
                  "padding": 4,
                  "position": "absolute",
                  "top": -14,
                },
                undefined,
              ]
            }
          >
            Nome do paciente
          </Text>
          <View
            style={
              [
                {
                  "flex": 1,
                  "flexDirection": "row",
                },
                undefined,
              ]
            }
          >
            <TextInput
              multiline={false}
              onChangeText={[Function]}
              placeholder="Ex: João da silva"
              placeholderTextColor="#B3B3B3"
              style={
                [
                  {
                    "color": "#333333",
                    "flex": 1,
                    "fontFamily": "Nunito-SemiBold",
                    "fontSize": 16,
                    "padding": 0,
                  },
                  undefined,
                ]
              }
              testID="input-patient"
              textAlignVertical="center"
              value=""
            />
          </View>
        </View>
      </View>
      <View
        style={
          [
            {
              "flexDirection": "row",
              "gap": 16,
            },
            undefined,
          ]
        }
      >
        <View
          style={
            [
              {
                "flexBasis": 0,
                "flexGrow": 1,
                "flexShrink": 1,
              },
              {},
            ]
          }
        >
          <View
            accessibilityState={
              {
                "busy": undefined,
                "checked": undefined,
                "disabled": undefined,
                "expanded": undefined,
                "selected": undefined,
              }
            }
            accessibilityValue={
              {
                "max": undefined,
                "min": undefined,
                "now": undefined,
                "text": undefined,
              }
            }
            accessible={true}
            collapsable={false}
            focusable={true}
            onClick={[Function]}
            onResponderGrant={[Function]}
            onResponderMove={[Function]}
            onResponderRelease={[Function]}
            onResponderTerminate={[Function]}
            onResponderTerminationRequest={[Function]}
            onStartShouldSetResponder={[Function]}
            style={
              {
                "borderColor": "#2E50D4",
                "borderRadius": 8,
                "borderWidth": 2,
                "height": 52,
                "justifyContent": "center",
                "marginTop": 16,
                "opacity": 1,
                "padding": 8,
              }
            }
            testID="date-picker-date"
          >
            <Text
              style={
                [
                  {
                    "backgroundColor": "#fff",
                    "color": "#2E50D4",
                    "fontFamily": "Nunito-Bold",
                    "fontSize": 14,
                    "left": 16,
                    "padding": 4,
                    "position": "absolute",
                    "top": -14,
                  },
                  undefined,
                ]
              }
            >
              Data
            </Text>
            <View
              style={
                [
                  {
                    "alignItems": "center",
                    "flex": 1,
                    "flexDirection": "row",
                  },
                  undefined,
                ]
              }
            >
              <Text
                style={
                  [
                    {
                      "color": "#333333",
                      "flex": 1,
                      "fontFamily": "Nunito-SemiBold",
                      "fontSize": 16,
                    },
                    undefined,
                  ]
                }
              >
                Selecione...
              </Text>
              <Text
                allowFontScaling={false}
                selectable={false}
                style={
                  [
                    {
                      "color": "#2E50D4",
                      "fontSize": 20,
                    },
                    undefined,
                    {
                      "fontFamily": "Material Design Icons",
                      "fontStyle": "normal",
                      "fontWeight": "normal",
                    },
                    {},
                  ]
                }
              >
                󰃭
              </Text>
            </View>
          </View>
        </View>
        <Modal
          hardwareAccelerated={false}
          visible={false}
        />
        <View
          style={
            [
              {
                "flexBasis": 0,
                "flexGrow": 1,
                "flexShrink": 1,
              },
              {},
            ]
          }
        >
          <View
            accessibilityState={
              {
                "busy": undefined,
                "checked": undefined,
                "disabled": undefined,
                "expanded": undefined,
                "selected": undefined,
              }
            }
            accessibilityValue={
              {
                "max": undefined,
                "min": undefined,
                "now": undefined,
                "text": undefined,
              }
            }
            accessible={true}
            collapsable={false}
            focusable={true}
            onClick={[Function]}
            onResponderGrant={[Function]}
            onResponderMove={[Function]}
            onResponderRelease={[Function]}
            onResponderTerminate={[Function]}
            onResponderTerminationRequest={[Function]}
            onStartShouldSetResponder={[Function]}
            style={
              {
                "borderColor": "#2E50D4",
                "borderRadius": 8,
                "borderWidth": 2,
                "height": 52,
                "justifyContent": "center",
                "marginTop": 16,
                "opacity": 1,
                "padding": 8,
              }
            }
            testID="date-picker-time"
          >
            <Text
              style={
                [
                  {
                    "backgroundColor": "#fff",
                    "color": "#2E50D4",
                    "fontFamily": "Nunito-Bold",
                    "fontSize": 14,
                    "left": 16,
                    "padding": 4,
                    "position": "absolute",
                    "top": -14,
                  },
                  undefined,
                ]
              }
            >
              Hora
            </Text>
            <View
              style={
                [
                  {
                    "alignItems": "center",
                    "flex": 1,
                    "flexDirection": "row",
                  },
                  undefined,
                ]
              }
            >
              <Text
                style={
                  [
                    {
                      "color": "#333333",
                      "flex": 1,
                      "fontFamily": "Nunito-SemiBold",
                      "fontSize": 16,
                    },
                    undefined,
                  ]
                }
              >
                Selecione...
              </Text>
              <Text
                allowFontScaling={false}
                selectable={false}
                style={
                  [
                    {
                      "color": "#2E50D4",
                      "fontSize": 20,
                    },
                    undefined,
                    {
                      "fontFamily": "Material Design Icons",
                      "fontStyle": "normal",
                      "fontWeight": "normal",
                    },
                    {},
                  ]
                }
              >
                󰃭
              </Text>
            </View>
          </View>
        </View>
        <Modal
          hardwareAccelerated={false}
          visible={false}
        />
      </View>
      <View
        style={
          [
            {},
            {},
          ]
        }
      >
        <View
          style={
            [
              {
                "borderColor": "#2E50D4",
                "borderRadius": 8,
                "borderWidth": 2,
                "height": 180,
                "marginTop": 16,
                "padding": 8,
              },
              undefined,
            ]
          }
          testID="input-container"
          textArea={true}
        >
          <Text
            style={
              [
                {
                  "backgroundColor": "#fff",
                  "color": "#2E50D4",
                  "fontFamily": "Nunito-Bold",
                  "fontSize": 14,
                  "left": 16,
                  "padding": 4,
                  "position": "absolute",
                  "top": -14,
                },
                undefined,
              ]
            }
          >
            Observação
          </Text>
          <View
            style={
              [
                {
                  "flex": 1,
                  "flexDirection": "row",
                },
                undefined,
              ]
            }
          >
            <TextInput
              multiline={true}
              numberOfLines={6}
              onChangeText={[Function]}
              placeholder="..."
              placeholderTextColor="#B3B3B3"
              style={
                [
                  {
                    "color": "#333333",
                    "flex": 1,
                    "fontFamily": "Nunito-SemiBold",
                    "fontSize": 16,
                    "padding": 0,
                  },
                  undefined,
                ]
              }
              testID="input-observation"
              textAlignVertical="top"
              value=""
            />
          </View>
        </View>
      </View>
    </View>
    <View
      style={
        [
          {
            "flex": 1,
          },
          undefined,
        ]
      }
    />
    <View
      accessibilityState={
        {
          "busy": undefined,
          "checked": undefined,
          "disabled": undefined,
          "expanded": undefined,
          "selected": undefined,
        }
      }
      accessibilityValue={
        {
          "max": undefined,
          "min": undefined,
          "now": undefined,
          "text": undefined,
        }
      }
      accessible={true}
      collapsable={false}
      focusable={true}
      onClick={[Function]}
      onResponderGrant={[Function]}
      onResponderMove={[Function]}
      onResponderRelease={[Function]}
      onResponderTerminate={[Function]}
      onResponderTerminationRequest={[Function]}
      onStartShouldSetResponder={[Function]}
      style={
        {
          "alignSelf": "center",
          "backgroundColor": "#2E50D4",
          "borderColor": "#2E50D4",
          "borderRadius": 8,
          "borderStyle": "solid",
          "borderWidth": 0,
          "height": 52,
          "justifyContent": "center",
          "opacity": 1,
          "padding": 8,
          "width": "100%",
        }
      }
    >
      <Text
        style={
          [
            {
              "color": "#fff",
              "fontFamily": "Nunito-Bold",
              "fontSize": 14,
              "textAlign": "center",
            },
            undefined,
          ]
        }
        variant="contained"
      >
        Agendar
      </Text>
    </View>
  </View>
</RCTSafeAreaView>
`;
