// Jest Snapshot v1, https://goo.gl/fbAQLP

exports[`DatePicker should matches snapshot 1`] = `
[
  <View
    style={
      [
        {
          "flexBasis": 0,
          "flexGrow": 1,
          "flexShrink": 1,
        },
        {},
      ]
    }
  >
    <View
      accessibilityState={
        {
          "busy": undefined,
          "checked": undefined,
          "disabled": undefined,
          "expanded": undefined,
          "selected": undefined,
        }
      }
      accessibilityValue={
        {
          "max": undefined,
          "min": undefined,
          "now": undefined,
          "text": undefined,
        }
      }
      accessible={true}
      collapsable={false}
      focusable={true}
      onClick={[Function]}
      onResponderGrant={[Function]}
      onResponderMove={[Function]}
      onResponderRelease={[Function]}
      onResponderTerminate={[Function]}
      onResponderTerminationRequest={[Function]}
      onStartShouldSetResponder={[Function]}
      style={
        {
          "borderColor": "#2E50D4",
          "borderRadius": 8,
          "borderWidth": 2,
          "height": 52,
          "justifyContent": "center",
          "marginTop": 16,
          "opacity": 1,
          "padding": 8,
        }
      }
      testID="date-picker"
    >
      <Text
        style={
          [
            {
              "backgroundColor": "#fff",
              "color": "#2E50D4",
              "fontFamily": "Nunito-Bold",
              "fontSize": 14,
              "left": 16,
              "padding": 4,
              "position": "absolute",
              "top": -14,
            },
            undefined,
          ]
        }
      >
        label
      </Text>
      <View
        style={
          [
            {
              "alignItems": "center",
              "flex": 1,
              "flexDirection": "row",
            },
            undefined,
          ]
        }
      >
        <Text
          style={
            [
              {
                "color": "#333333",
                "flex": 1,
                "fontFamily": "Nunito-SemiBold",
                "fontSize": 16,
              },
              undefined,
            ]
          }
        >
          Selecione...
        </Text>
        <Text
          allowFontScaling={false}
          selectable={false}
          style={
            [
              {
                "color": "#2E50D4",
                "fontSize": 20,
              },
              undefined,
              {
                "fontFamily": "Material Design Icons",
                "fontStyle": "normal",
                "fontWeight": "normal",
              },
              {},
            ]
          }
        >
          ó°ƒ­
        </Text>
      </View>
    </View>
  </View>,
  <Modal
    hardwareAccelerated={false}
    visible={false}
  />,
]
`;
