// Jest Snapshot v1, https://goo.gl/fbAQLP

exports[`ProfileScreen should matches snapshot 1`] = `
<RCTSafeAreaView
  style={
    [
      {
        "flex": 1,
      },
      undefined,
    ]
  }
>
  <View
    style={
      [
        {
          "alignItems": "center",
          "flex": 1,
          "paddingHorizontal": 16,
          "paddingVertical": 32,
        },
        undefined,
      ]
    }
  >
    <Text
      allowFontScaling={false}
      selectable={false}
      style={
        [
          {
            "color": "#B3B3B3",
            "fontSize": 64,
          },
          undefined,
          {
            "fontFamily": "Material Design Icons",
            "fontStyle": "normal",
            "fontWeight": "normal",
          },
          {},
        ]
      }
    >
      ó°€‰
    </Text>
    <Text
      style={
        [
          {
            "color": "#4C4C4C",
            "fontFamily": "Nunito-Bold",
            "fontSize": 16,
            "marginBottom": 4,
            "marginTop": 16,
          },
          undefined,
        ]
      }
    />
    <Text
      style={
        [
          {
            "color": "#7F7F7F",
            "fontFamily": "Nunito-SemiBold",
            "fontSize": 14,
          },
          undefined,
        ]
      }
    />
    <View
      style={
        [
          {
            "flex": 1,
          },
          undefined,
        ]
      }
    />
    <View
      accessibilityState={
        {
          "busy": undefined,
          "checked": undefined,
          "disabled": undefined,
          "expanded": undefined,
          "selected": undefined,
        }
      }
      accessibilityValue={
        {
          "max": undefined,
          "min": undefined,
          "now": undefined,
          "text": undefined,
        }
      }
      accessible={true}
      collapsable={false}
      focusable={true}
      onClick={[Function]}
      onResponderGrant={[Function]}
      onResponderMove={[Function]}
      onResponderRelease={[Function]}
      onResponderTerminate={[Function]}
      onResponderTerminationRequest={[Function]}
      onStartShouldSetResponder={[Function]}
      style={
        {
          "alignSelf": "center",
          "backgroundColor": "transparent",
          "borderColor": "#2E50D4",
          "borderRadius": 8,
          "borderStyle": "solid",
          "borderWidth": 1,
          "height": 52,
          "justifyContent": "center",
          "opacity": 1,
          "padding": 8,
          "width": "100%",
        }
      }
    >
      <Text
        style={
          [
            {
              "color": "#2E50D4",
              "fontFamily": "Nunito-Bold",
              "fontSize": 14,
              "textAlign": "center",
            },
            undefined,
          ]
        }
        variant="outlined"
      >
        Sair
      </Text>
    </View>
  </View>
</RCTSafeAreaView>
`;
