// Jest Snapshot v1, https://goo.gl/fbAQLP

exports[`Loader should matches snapshot 1`] = `
<View
  style={
    [
      {
        "alignItems": "center",
        "flex": 1,
        "justifyContent": "center",
        "paddingHorizontal": 16,
        "paddingTop": 40,
      },
      undefined,
    ]
  }
  testID="loader"
>
  <ActivityIndicator
    color="#2E50D4"
    size="large"
  />
  <Text
    style={
      [
        {
          "color": "#4C4C4C",
          "fontFamily": "Nunito-Bold",
          "fontSize": 16,
          "marginVertical": 16,
        },
        undefined,
      ]
    }
  >
    Carregando...
  </Text>
</View>
`;
