// Jest Snapshot v1, https://goo.gl/fbAQLP

exports[`ErrorBoundary should matches snapshot 1`] = `
<View
  style={
    [
      {
        "alignItems": "center",
        "flex": 1,
        "justifyContent": "center",
        "paddingHorizontal": 16,
        "paddingTop": 40,
      },
      undefined,
    ]
  }
  testID="error-boundary"
>
  <Text
    allowFontScaling={false}
    selectable={false}
    style={
      [
        {
          "color": "#F3DA4A",
          "fontSize": 64,
        },
        undefined,
        {
          "fontFamily": "Material Design Icons",
          "fontStyle": "normal",
          "fontWeight": "normal",
        },
        {},
      ]
    }
  >
    ó°—–
  </Text>
  <Text
    style={
      [
        {
          "color": "#4C4C4C",
          "fontFamily": "Nunito-Bold",
          "fontSize": 16,
          "marginVertical": 24,
          "textAlign": "center",
          "width": "90%",
        },
        undefined,
      ]
    }
  >
    Desculpe, ocorreu um problema. Por favor, tente novamente.
  </Text>
  <View
    accessibilityState={
      {
        "busy": undefined,
        "checked": undefined,
        "disabled": undefined,
        "expanded": undefined,
        "selected": undefined,
      }
    }
    accessibilityValue={
      {
        "max": undefined,
        "min": undefined,
        "now": undefined,
        "text": undefined,
      }
    }
    accessible={true}
    collapsable={false}
    focusable={true}
    onClick={[Function]}
    onResponderGrant={[Function]}
    onResponderMove={[Function]}
    onResponderRelease={[Function]}
    onResponderTerminate={[Function]}
    onResponderTerminationRequest={[Function]}
    onStartShouldSetResponder={[Function]}
    style={
      {
        "alignSelf": "center",
        "backgroundColor": "#2E50D4",
        "borderColor": "#2E50D4",
        "borderRadius": 8,
        "borderStyle": "solid",
        "borderWidth": 0,
        "height": 52,
        "justifyContent": "center",
        "opacity": 1,
        "padding": 8,
        "width": "50%",
      }
    }
  >
    <Text
      style={
        [
          {
            "color": "#fff",
            "fontFamily": "Nunito-Bold",
            "fontSize": 14,
            "textAlign": "center",
          },
          undefined,
        ]
      }
      variant="contained"
    >
      Tentar Novamente
    </Text>
  </View>
</View>
`;
