// Jest Snapshot v1, https://goo.gl/fbAQLP

exports[`Login should matches snapshot 1`] = `
<RCTSafeAreaView
  style={
    [
      {
        "flex": 1,
      },
      undefined,
    ]
  }
>
  <View
    style={
      [
        {
          "flex": 1,
          "paddingHorizontal": 16,
          "paddingVertical": 32,
        },
        undefined,
      ]
    }
  >
    <View
      flex={1}
      style={
        [
          {
            "flex": 1,
          },
          undefined,
        ]
      }
    />
    <SvgMock
      style={
        [
          {
            "alignSelf": "center",
          },
          undefined,
        ]
      }
    />
    <View
      flex={2}
      style={
        [
          {
            "flex": 2,
          },
          undefined,
        ]
      }
    />
    <Text
      style={
        [
          {
            "color": "#2E50D4",
            "fontFamily": "Nunito-Bold",
            "fontSize": 24,
            "marginBottom": 24,
          },
          undefined,
        ]
      }
    >
      Faça Login
    </Text>
    <View
      style={
        [
          {
            "width": "100%",
          },
          undefined,
        ]
      }
    >
      <View
        style={
          [
            {},
            {},
          ]
        }
      >
        <View
          style={
            [
              {
                "borderColor": "#2E50D4",
                "borderRadius": 8,
                "borderWidth": 2,
                "height": 52,
                "marginTop": 16,
                "padding": 8,
              },
              undefined,
            ]
          }
          testID="input-container"
          textArea={false}
        >
          <Text
            style={
              [
                {
                  "backgroundColor": "#fff",
                  "color": "#2E50D4",
                  "fontFamily": "Nunito-Bold",
                  "fontSize": 14,
                  "left": 16,
                  "padding": 4,
                  "position": "absolute",
                  "top": -14,
                },
                undefined,
              ]
            }
          >
            E-mail
          </Text>
          <View
            style={
              [
                {
                  "flex": 1,
                  "flexDirection": "row",
                },
                undefined,
              ]
            }
          >
            <TextInput
              multiline={false}
              onChangeText={[Function]}
              placeholder="Ex: jose@email.com"
              placeholderTextColor="#B3B3B3"
              style={
                [
                  {
                    "color": "#333333",
                    "flex": 1,
                    "fontFamily": "Nunito-SemiBold",
                    "fontSize": 16,
                    "padding": 0,
                  },
                  undefined,
                ]
              }
              testID="input-email"
              textAlignVertical="center"
              value=""
            />
          </View>
        </View>
      </View>
      <View
        style={
          [
            {},
            {
              "marginBottom": 40,
            },
          ]
        }
      >
        <View
          style={
            [
              {
                "borderColor": "#2E50D4",
                "borderRadius": 8,
                "borderWidth": 2,
                "height": 52,
                "marginTop": 16,
                "padding": 8,
              },
              undefined,
            ]
          }
          testID="input-container"
          textArea={false}
        >
          <Text
            style={
              [
                {
                  "backgroundColor": "#fff",
                  "color": "#2E50D4",
                  "fontFamily": "Nunito-Bold",
                  "fontSize": 14,
                  "left": 16,
                  "padding": 4,
                  "position": "absolute",
                  "top": -14,
                },
                undefined,
              ]
            }
          >
            Senha
          </Text>
          <View
            style={
              [
                {
                  "flex": 1,
                  "flexDirection": "row",
                },
                undefined,
              ]
            }
          >
            <TextInput
              multiline={false}
              onChangeText={[Function]}
              placeholder="*************"
              placeholderTextColor="#B3B3B3"
              secureTextEntry={true}
              style={
                [
                  {
                    "color": "#333333",
                    "flex": 1,
                    "fontFamily": "Nunito-SemiBold",
                    "fontSize": 16,
                    "padding": 0,
                  },
                  undefined,
                ]
              }
              testID="input-password"
              textAlignVertical="center"
              value=""
            />
            <View
              accessibilityState={
                {
                  "busy": undefined,
                  "checked": undefined,
                  "disabled": undefined,
                  "expanded": undefined,
                  "selected": undefined,
                }
              }
              accessibilityValue={
                {
                  "max": undefined,
                  "min": undefined,
                  "now": undefined,
                  "text": undefined,
                }
              }
              accessible={true}
              collapsable={false}
              focusable={true}
              onClick={[Function]}
              onResponderGrant={[Function]}
              onResponderMove={[Function]}
              onResponderRelease={[Function]}
              onResponderTerminate={[Function]}
              onResponderTerminationRequest={[Function]}
              onStartShouldSetResponder={[Function]}
              style={
                {
                  "justifyContent": "center",
                  "opacity": 1,
                }
              }
            >
              <Text
                allowFontScaling={false}
                selectable={false}
                style={
                  [
                    {
                      "color": "#2E50D4",
                      "fontSize": 24,
                    },
                    undefined,
                    {
                      "fontFamily": "Material Design Icons",
                      "fontStyle": "normal",
                      "fontWeight": "normal",
                    },
                    {},
                  ]
                }
                testID="visibility-icon"
              >
                󰈈
              </Text>
            </View>
          </View>
        </View>
      </View>
      <View
        accessibilityState={
          {
            "busy": undefined,
            "checked": undefined,
            "disabled": undefined,
            "expanded": undefined,
            "selected": undefined,
          }
        }
        accessibilityValue={
          {
            "max": undefined,
            "min": undefined,
            "now": undefined,
            "text": undefined,
          }
        }
        accessible={true}
        collapsable={false}
        focusable={true}
        onClick={[Function]}
        onResponderGrant={[Function]}
        onResponderMove={[Function]}
        onResponderRelease={[Function]}
        onResponderTerminate={[Function]}
        onResponderTerminationRequest={[Function]}
        onStartShouldSetResponder={[Function]}
        style={
          {
            "alignSelf": "center",
            "backgroundColor": "#2E50D4",
            "borderColor": "#2E50D4",
            "borderRadius": 8,
            "borderStyle": "solid",
            "borderWidth": 0,
            "height": 52,
            "justifyContent": "center",
            "opacity": 1,
            "padding": 8,
            "width": "100%",
          }
        }
      >
        <Text
          style={
            [
              {
                "color": "#fff",
                "fontFamily": "Nunito-Bold",
                "fontSize": 14,
                "textAlign": "center",
              },
              undefined,
            ]
          }
          variant="contained"
        >
          Entrar
        </Text>
      </View>
    </View>
    <View
      flex={3}
      style={
        [
          {
            "flex": 3,
          },
          undefined,
        ]
      }
    />
  </View>
</RCTSafeAreaView>
`;
